<?xml version="1.0"?>
<Root rootAttr1="rootVal1" rootAttr2="rootVal2">
    <A keyAttr1="keyVal1" aAttr1="aVal1" aAttr2="aVal2">
        <B bAttr1="bVal1" bAttr2="bVal2">
            <C notChanged="asdf"/>
        </B>
    </A>
    <AA keyAttr1="keyVal2" aaAttr1="aaVal1_Mod" aaAttr2="aaVal2_Mod" />
    <AA keyAttr1="keyVal3" aaAttr1="aaVal1_3_Mod" aaAttr2="aaVal2_3_Mod" />
    <AA keyAttr1="keyVal4" aaAttr1="aaVal1_4" aaAttr2="aaVal2_4" />
    <A keyAttr1="newModKey1" aAttr1="modVal1" aAttr2="modVal2">
        <B bAttr1="modbAttr1" bAttr2="modbAttr2" />
    </A>
    <A keyAttr1="newModKey2" aAttr1="modVal1" aAttr2="modVal2">
        <B bAttr1="modbAttr1" bAttr2="modbAttr2" />
    </A>
</Root>
