<?xml version="1.0"?>
<Root rootAttr1="rootVal1" rootAttr2="rootVal2">
    <A keyAttr1="keyVal1" aAttr1="aVal1_Replaced" aAttr2="aVal2">
        <B bAttr1="bVal1_Replaced" bAttr2="bVal2_Replaced" />
    </A>
    <AA keyAttr1="keyVal2" aaAttr1="aaVal1" aaAttr2="aaVal2" />
    <AA keyAttr1="keyVal3" aaAttr1="aaVal1_2" aaAttr2="aaVal2_2" />
</Root>
