<?xml version="1.0" encoding="utf-8"?>
<?mso-application?>
<Workbook
    xmlns="urn:schemas-microsoft-com:office:spreadsheet"
    xmlns:o="urn:schemas-microsoft-com:office:office"
    xmlns:x="urn:schemas-microsoft-com:office:excel"
    xmlns:ss="urn:schemas-microsoft-com:office:spreadsheet"
    xmlns:html="http://www.w3.org/TR/REC-html40">
    <Worksheet
        ss:Name="Sheet1">
        <Table>
            <Column />
            <Column />
            <Column />
            <Column />
            <Column />
            <Column />
            <Row>
                <Cell />
                <Cell>
                    <Data
                        ss:Type="String">key</Data>
                </Cell>
                <Cell>
                    <Data
                        ss:Type="String">original text</Data>
                </Cell>
                <Cell>
                    <Data
                        ss:Type="String">translated text</Data>
                </Cell>
                <Cell>
                    <Data
                        ss:Type="String">locked</Data>
                </Cell>
                <Cell>
                    <Data
                        ss:Type="String">character limit</Data>
                </Cell>
            </Row>
            <Row>
                <Cell>
                    <Data
                        ss:Type="String">File generated by Chairloader</Data>
                </Cell>
                <Cell />
                <Cell />
                <Cell />
                <Cell />
                <Cell />
            </Row>
            <Row>
                <Cell />
                <Cell />
                <Cell>
                    <Data
                        ss:Type="String">This contains original text meant for subtitles. Use descriptive expressions like &lt;frantic laughter&gt; and ## for a new line.</Data>
                </Cell>
                <Cell>
                    <Data
                        ss:Type="String">This contains text for subtitles. Use descriptive expressions like &lt;frantic laughter&gt; and ## for a new line.</Data>
                </Cell>
                <Cell>
                    <Data
                        ss:Type="String">set to "LOCKED" if this string is final.</Data>
                </Cell>
                <Cell>
                    <Data
                        ss:Type="String">Character limit for translated text.</Data>
                </Cell>
            </Row>
            <Row>
                <Cell />
                <Cell>
                    <Data
                        ss:Type="String">i_defaultPickup</Data>
                </Cell>
                <Cell>
                    <Data
                        ss:Type="String">Pickup</Data>
                </Cell>
                <Cell>
                    <Data
                        ss:Type="String">Pickup</Data>
                </Cell>
                <Cell>
                    <Data
                        ss:Type="String">LOCKED</Data>
                </Cell>
                <Cell />
            </Row>
            <Row>
                <Cell />
                <Cell>
                    <Data
                        ss:Type="String">entry2</Data>
                </Cell>
                <Cell>
                    <Data
                        ss:Type="String">Text2</Data>
                </Cell>
                <Cell>
                    <Data
                        ss:Type="String">Text2</Data>
                </Cell>
                <Cell>
                    <Data
                        ss:Type="String">LOCKED</Data>
                </Cell>
                <Cell />
            </Row>
            <Row>
                <Cell />
                <Cell>
                    <Data
                        ss:Type="String">entry3</Data>
                </Cell>
                <Cell>
                    <Data
                        ss:Type="String">Text3_Mod1</Data>
                </Cell>
                <Cell>
                    <Data
                        ss:Type="String">Text3_Mod2</Data>
                </Cell>
                <Cell>
                    <Data
                        ss:Type="String">LOCKED</Data>
                </Cell>
                <Cell />
            </Row>
            <Row>
                <Cell />
                <Cell>
                    <Data
                        ss:Type="String">entry4_Mod</Data>
                </Cell>
                <Cell>
                    <Data
                        ss:Type="String">Text4_Mod1</Data>
                </Cell>
                <Cell>
                    <Data
                        ss:Type="String">Text4_Mod2</Data>
                </Cell>
                <Cell>
                    <Data
                        ss:Type="String">LOCKED</Data>
                </Cell>
                <Cell />
            </Row>
        </Table>
    </Worksheet>
</Workbook>