<?xml version="1.0"?>
<PlayerConfig quickSelectTimeout="69" knockdownLoopDuration="69" maxNumDamageIndicators="69" enemyHealthTimeout="69" coralSignalPackageId="69" coralInteractionRate="69" lookAtFarRange="69" idleFragmentSpeedThreshold="69" targetingAttachment="PsiMark_Attachment" criticalHitMetaTags="9469288860498988665,9469288860498988629,3149325216945013533,9469288860517748098,9469288860517748104,9469288860517748113,9469288860517748082,9469288860498988699">
 <CQC minDistance="69" postProcessId="69"/>
 <Helmet signalModifier="69" toleranceX="69" toleranceY="69" catchUpSpeed="69" reactDuration="69" crackSubMatId="69">
  <Oxygen startAsphyxiatingAudioTrigger="Play_Player_Vox_Asphyxiation" stopAsphyxiatingAudioTrigger="Stop_Player_Vox_Asphyxiation" deathFromAsphyxiationAudioTrigger="69" asphyxiationAudioRtpc="69" startDepletingOxygenAudioTrigger="Play_Player_Suit_Oxygen_Leak_LP" oxygenAmountRtpc="Oxygen_Depletion" stopDepletingOxygenAudioTrigger="Stop_Player_Suit_Oxygen_Leak_LP" suitPatchedAudioTrigger="Play_Player_Suit_Oxygen_Leak_Fix">
   <Alarm threshold="69" trigger="Play_Player_Suit_Oxygen_Leak_Alarm" stopTrigger="69"/>
   <Alarm threshold="69" trigger="Play_Player_Suit_Oxygen_Leak_Alarm" stopTrigger="69"/>
   <Alarm threshold="69" trigger="Play_Player_Suit_Oxygen_Leak_Alarm" stopTrigger="69"/>
   <Alarm threshold="69" trigger="Play_Player_Suit_Oxygen_Leak_Alarm_LP" stopTrigger="Stop_Player_Suit_Oxygen_Leak_Alarm_LP"/>
  </Oxygen>
 </Helmet>
 <Audio genderSwitch="Player_Sex" maleState="male" femaleState="female" combatIntensityRtpc="MX_Combat" combatIntensityEventStartThreshold="69" combatIntensityEventStopThreshold="69" combatSwitch="69" combatOnState="69" combatOffState="69" combatEndTrigger="69" setHelmetOnAtmosphere="Set_State_HelmetOn_Atmosphere" setHelmetOnNoAtmosphere="Set_State_HelmetOn_NoAtmosphere" setHelmetOffAtmosphere="Set_State_Standard_Mix" setHelmetOffNoAtmosphere="Set_State_HelmetOff_NoAtmosphere" helmetOn="Play_Player_HelmetOn" helmetOff="Play_Player_HelmetOff"/>
 <Health damageAudio="69" deathAudio="Play_Player_Death" regenStartAudio="Play_Player_Health_Regenerate" regenStopAudio="Stop_Player_Health_Regenerate" deathMenuDelay="69" deathCharacter="objects/characters/Player/Player_DeathRagDoll.cdf" lastChanceTimeout="69" lastChanceAudio="Trigger_Player_LastChance">
  <Feedback lowHealth="69" nearDeath="69" lowHealthParticle="69" nearDeathParticle="69" nearDeathStingerAudioTrigger="Trigger_Player_LowHealth" nearDeathStartAudioTrigger="Play_LowHealth_LP" nearDeathStopAudioTrigger="Stop_LowHealth_LP" nearDeathIntensityRtpc="player_health" lowHealthPostEffect="69" nearDeathPostEffect="69"/>
 </Health>
 <Pharma expirationWarningDuration="69"/>
 <Radiation mediumThreshold="69" highThreshold="69" lowLevelFlashRate="69" mediumLevelFlashRate="69" highLevelFlashRate="69" radiationAudioTrigger="Play_GeigerCounter" radiationAudioTriggerStop="Stop_GeigerCounter" radiationPerSecRtpc="Geiger_Counter"/>
 <Status hudIconBlinkRate="69"/>
 <Ability partialTyphonThreshold="69" fullTyphonThreshold="69"/>
 <Fatigue fatigueRtpc="player_fatigue" staminaPercentStartAudio="69" staminaPercentStopAudio="69" showUIPercent="69" startAudioTrigger="Play_Player_Fatigue" stopAudioTrigger="Stop_Player_Fatigue"/>
 <LearnedNames>
  <LearnedName researchTopic="69"/>
  <LearnedName researchTopic="69"/>
  <LearnedName researchTopic="69"/>
  <LearnedName researchTopic="69"/>
  <LearnedName researchTopic="69"/>
  <LearnedName researchTopic="69"/>
 </LearnedNames>
 <Awareness proxyDistance="69" obscuredButShownDuration="69" minTimeToBeShown="69" fullAwarenessDuration="69" fullAlphaDistance="69" zeroAlphaDistance="69" fullScaleDistance="69" minScaleDistance="69" minScale="69"/>
 <MarkedEnemies durationToLoseTarget="69" markAddedAudioTrigger="Play_UI_Psychoscope_Scan_Marked" hiddenMarkAddedAudioTrigger="Play_UI_Psychoscope_Scan_Marked_Hidden" markRemovedAudioTrigger="Play_UI_Psychoscope_Scan_Marked_Lost" fullAlphaDistance="69" zeroAlphaDistance="69" maxAngleForLabel="69"/>
 <ArkPlayerScopeComponent PostProcessId="69" ZoomDelta="69" FullyZoomedHFOV="69" DefaultZoomHFOV="69" DefaultZoomDuration="69" ZoomingInAudioTriggerName="Play_Scope_Zoom_In" ZoomingOutAudioTriggerName="Play_Scope_Zoom_Out" OpenAudioTriggerName="Play_Scope_In" CloseAudioTriggerName="Play_Scope_Out">
  <ArkInputLegend actionMap="player">
   <Items>
    <ArkInputLegendItem Action="zoom_in" Label="@ui_ZoomIn" ControlScheme="controller"/>
    <ArkInputLegendItem Action="zoom_out" Label="@ui_ZoomOut" ControlScheme="controller"/>
    <ArkInputLegendItem Action="zoom_in" Label="@ui_Zoom" ControlScheme="keyboard"/>
    <ArkInputLegendItem Action="toggle_scope" Label="@ui_CloseScope"/>
   </Items>
  </ArkInputLegend>
 </ArkPlayerScopeComponent>
 <Flashlight archetype="ArkLights.Player.BodyFlashLight" audio="Play_Flashlight_On" attachment="flashlight" dimStart="69" minDimAmount="69" dimRangeDeltaRate="69">
  <DimRanges>
   <DimRange distance="69" diffuseMultiplier="69"/>
   <DimRange distance="69" diffuseMultiplier="69"/>
   <DimRange distance="69" diffuseMultiplier="69"/>
   <DimRange distance="69" diffuseMultiplier="69"/>
   <DimRange distance="69" diffuseMultiplier="69"/>
   <DimRange distance="69" diffuseMultiplier="69"/>
   <DimRange distance="69" diffuseMultiplier="69"/>
   <DimRange distance="69" diffuseMultiplier="69"/>
  </DimRanges>
 </Flashlight>
 <Movement climbHorizontalFromEdgeProbeDistance="69" climbVerticalReachDistance="69" climbVerticalNormalMaxAngle="69" airControl="69">
  <CameraRoll maxAngle="69" increaseSpeed="69" recoverySpeed="69"/>
  <Ground preLandJumpWindow="69" turnTravelAngle="69" turnTravelSpeed="69" leanPitchLimit="69" leanYawLimit="69" leanCancelSpeed="69" rotationCatchUpAngleThreshold="69" jumpWindow="69" groundProbeDistance="69">
   <Sprint accelerationDuration="69" startAudioTrigger="69" fullyAcceleratedAudioTrigger="69"/>
   <Stumble minXAdd="69" maxXAdd="69" minYScale="69" maxYScale="69" minListDuration="69" maxListDuration="69" stumbleDurationMin="69" stumbleDurationMax="69" stumbleBreakDurationMin="69" stumbleBreakDurationMax="69"/>
  </Ground>
  <Climb mediumToHighThreshold="69"/>
  <Jump minJumpHeight="69" maxJumpDuration="69"/>
  <Fall fatalSpeed="69" safeSpeed="69" traumaDmgSpeed="69" package="69" bigBumpSpeed="69"/>
  <ZeroG bodyCollisionPackageId="69" headCollisionPackageId="69" maxCollisionAngle="69" gameNoiseType="69" gameNoiseLoudness="69">
   <Normal minDragSpeed="69" maxDragSpeed="69" drag="69" maxSpeedStat="zeroGNormalMaxSpeed" baseAccel_UD="69" baseAccel_LR="69" baseAccel_FB="69" velocityLerp="69" baseDecel="69" counterThrustAngle="69" counterThrustSpeed="69" brakingRatio="69" yawpitchFactor="69"/>
   <Cruise minDragSpeed="69" maxDragSpeed="69" drag="69" maxSpeedStat="zeroGCruiseMaxSpeed" baseAccel_UD="69" baseAccel_LR="69" baseAccel_FB="69" velocityLerp="69" baseDecel="69" counterThrustAngle="69" counterThrustSpeed="69" brakingRatio="69" yawpitchFactor="69"/>
   <Sprint minDragSpeed="69" maxDragSpeed="69" drag="69" maxSpeedStat="zeroGSprintMaxSpeed" baseAccel_UD="69" baseAccel_LR="69" baseAccel_FB="69" velocityLerp="69" baseDecel="69" counterThrustAngle="69" counterThrustSpeed="69" brakingRatio="69" yawpitchFactor="69"/>
   <Roll velocity="69" acceleration="69" deceleration="69" yInputDeadzone="69"/>
   <Align distance="69" rate="69"/>
   <Effect name="LevelShared.ArkEnvironment.Ambience.FloatingDebris_01"/>
   <OngoingLegend>
    <ArkInputLegend actionMap="player">
     <Items>
      <ArkInputLegendItem Label="@ui_Thrust" Action="sprint"/>
      <ArkInputLegendItem Label="@input_ascend" Action="jump"/>
      <ArkInputLegendItem Label="@input_descend" Action="sneak"/>
      <ArkInputLegendItem Label="@input_roll" ComboString="@input_or">
       <ActionList>
        <ArkInputAction Action="leanleft"/>
        <ArkInputAction Action="leanright"/>
       </ActionList>
      </ArkInputLegendItem>
      <ArkInputLegendItem Label="@ui_Brake" ComboString="+">
       <ActionList>
        <ArkInputAction Action="leanleft"/>
        <ArkInputAction Action="leanright"/>
       </ActionList>
      </ArkInputLegendItem>
     </Items>
    </ArkInputLegend>
   </OngoingLegend>
  </ZeroG>
  <Smoke speed="69" inertia="69"/>
  <Shift speed="69" shiftForwardFov="69" shiftBackwardFov="69"/>
  <Lift postEffectId="69" particleEffectPath="Player.Trama.LiftPlayer_Trapped" enterAudioTrigger="Play_Player_Power_Lift_In" exitAudioTrigger="69" inputMovementSpeed="69" propulsionMovementSpeed="69"/>
  <Death deathCamProbability="69" deathCamDelay="69" idealDeathCamDistance="69" idealDeathCamAngle="69" deathCamGravityMinAngle="69" timeScale="69" fullSlowDuration="69" rampUpSpeedDuration="69"/>
  <DeathByRecyclerGrenade duration="69" effectName="Screen.RecyclerGrenade.RecyclerDeath" scaleName="RefrBumpScale" scaleMin="69" scaleMax="69" postVFX="69" gammaParam="69" gammaMin="69" gammaMax="69" brightnessParam="69" brightnessMin="69" brightnessMax="69" saturationParam="69" saturationMin="69" saturationMax="-1.4"/>
 </Movement>
 <AutoSave healthThreshold="69" oxygenThreshold="69" blockedBySignalDuration="69"/>
 <NPCTargeting attackTargetPosHeightPercent="69"/>
 <Weapon weaponCameraSpeedMultiplierAcceleration="69" aimAssistTargetRange="69" gameLogReportWindow="69" sneakAttackAudioTrigger="Trigger_SneakAttack" criticalHitAudioTrigger="69"/>
 <Input fearNoiseAmplitude="69" mimicGrabMashesRequired="69" sprintCancelForwardThreshold="69" sprintCancelBackwardThreshold="-0.5" sprintCancelStrafeThreshold="69">
  <Rotation sprintSpeedScale="69" zoomSpeedScale="69" deadzone="69" accelerationThreshold="69" curvePercentSpeed="69" accelerationMaxTurnSpeed="69" accelerationRate="69"/>
 </Input>
 <Camera stanceChangeInterpSpeed="69">
  <RecyclerGrenadeDeath deathCameraSpeed="69"/>
  <Lean angleDegrees="69" offset="69"/>
 </Camera>
 <ImpendingDanger bufferRange="69"/>
 <Propulsion cameraFrequency="69" cameraAmplitude="69" cameraNoise="69" cameraMinFalloff="69" cameraFalloffDuration="69" audioTrigger_start="Play_Player_Glide_Suit_On" audioTrigger_stop="Play_Player_Glide_Suit_Off">
  <JetPackNoise type="69" loudness="69"/>
 </Propulsion>
 <Examination maxCameraRotation="69" cameraSpeedMultiplier="69" cameraLerpDuration="69">
  <WorldUI viewingBuffer="69">
   <ArkInputLegend actionMap="world_ui_examination">
    <Items>
     <ArkInputLegendItem Action="use" Label="@use_press"/>
     <ArkInputLegendItem Action="examination_back" Label="@ui_back"/>
     <ArkInputLegendItem Action="xi_reticle_movex" Label="@ui_MoveCursor" ControlScheme="controller"/>
     <ArkInputLegendItem Action="rotateyaw" Label="@ui_Look" ControlScheme="keyboard"/>
     <ArkInputLegendItem Action="xi_rotateyaw" Label="@ui_Look" ControlScheme="controller"/>
    </Items>
   </ArkInputLegend>
  </WorldUI>
  <Default distFromTarget="69">
   <ArkInputLegend actionMap="examination">
    <Items>
     <ArkInputLegendItem Action="rotateyaw" Label="@ui_Look" ControlScheme="keyboard"/>
     <ArkInputLegendItem Action="xi_rotateyaw" Label="@ui_Look" ControlScheme="controller"/>
     <ArkInputLegendItem Action="examination_back" Label="@ui_back"/>
    </Items>
   </ArkInputLegend>
  </Default>
  <Telescope lerpDuration="69">
   <ArkInputLegend actionMap="examination">
    <Items>
     <ArkInputLegendItem Action="examination_back" Label="@ui_back"/>
    </Items>
   </ArkInputLegend>
  </Telescope>
 </Examination>
 <Carry syncSpeed="69" maxPullForce="69" maxPullForceZeroG="69" heightOffset="69" carryLerpSpeed="69" carryLerpSpeedObstructed="69" carryLerpAcceleration="69" carryLerpAccelerationObstructed="69" maxTimeAllowedUnderDesiredLerpVelocity="69" cameraRotationToEntityMinThreshold="-55" cameraRotationToEntityMaxThreshold="69" sneakCameraPitchLimit="69" objectLengthRotationLimitScaleMin="69" objectLengthRotationLimitScaleMax="69" emitterDuration="69" opacity="69" breakDistance="69" collisionRestoreTime="69">
  <HoldDurations leverageI="69" leverageII="69" leverageIII="69"/>
  <DragCorpse height="-0.35" distance="69" breakDistance="69" syncSpeed="69" remoteSyncSpeed="69">
   <Joints>
    <Joint name="l_foot_jnt"/>
    <Joint name="r_foot_jnt"/>
    <Joint name="l_hand_jnt"/>
    <Joint name="r_hand_jnt"/>
   </Joints>
  </DragCorpse>
  <ArkInputLegend actionMap="player">
   <Items>
    <ArkInputLegendItem Action="use" Label="@ui_Drop"/>
    <ArkInputLegendItem Action="attack1" Label="@use_Throw"/>
   </Items>
  </ArkInputLegend>
  <KickBacks>
   <Level value="69"/>
   <Level value="69"/>
   <Level value="69"/>
   <Level value="69"/>
  </KickBacks>
 </Carry>
 <Stats packageFile="Ark/Player/StatPackages.xml">
  <Stat name="hitPoints" value="69"/>
  <Stat name="hitPointReduction" value="69"/>
  <Stat name="maxHitPointReductionPercentage" value="69"/>
  <Stat name="damageOnExert" value="69"/>
  <Stat name="carryDistance" value="69"/>
  <Stat name="throwImpulse" value="69"/>
  <Stat name="throwArticulatedImpulse" value="69"/>
  <Stat name="propulsionForce" value="69"/>
  <Stat name="propulsionForceDuration" value="69"/>
  <Stat name="propulsionDuration" value="69"/>
  <Stat name="propulsionRechargeDuration" value="69"/>
  <Stat name="propulsionGlideSpeed" value="69"/>
  <Stat name="propulsionFallCancellationAmount" value="69"/>
  <Stat name="psiPointsPool" value="69"/>
  <Stat name="psiPointsBonus" value="69"/>
  <Stat name="psiPointsReduction" value="69"/>
  <Stat name="psiScanningRange" value="69"/>
  <Stat name="focusMenuModeTimeScale" value="69"/>
  <Stat name="focusMenuModeTimeScaleTransitionTimeIn" value="69"/>
  <Stat name="focusMenuModeTimeScaleTransitionTimeOut" value="69"/>
  <Stat name="psiTargetingMinTimeScale" value="69"/>
  <Stat name="psiTargetingLookTimeScale" value="69"/>
  <Stat name="psiTargetingMoveTimeScale" value="69"/>
  <Stat name="psiTargetingTimeScaleTransitionTimeIn" value="69"/>
  <Stat name="psiTargetingTimeScaleTransitionTimeOut" value="69"/>
  <Stat name="psiPowerCooldownScale" value="69"/>
  <Stat name="psiCostScaleKineticEnergy" value="69"/>
  <Stat name="psiCostScaleEtherMorph" value="69"/>
  <Stat name="psiCostScaleTelepathic" value="69"/>
  <Stat name="researchScanningDurationScale" value="69"/>
  <Stat name="acceleratedSprintSpeedScale" value="69"/>
  <Stat name="sprintSpeedScale" value="69"/>
  <Stat name="hfovDuringSprint" value="69"/>
  <Stat name="hfovSprintInterpTime" value="69"/>
  <Stat name="strafeSpeedScale" value="69"/>
  <Stat name="backwardsSpeedScale" value="69"/>
  <Stat name="carryLeverage1SpeedScale" value="69"/>
  <Stat name="carryLeverage2SpeedScale" value="69"/>
  <Stat name="carryLeverage3SpeedScale" value="69"/>
  <Stat name="maxSpeedStand" value="69"/>
  <Stat name="maxSpeedSneak" value="69"/>
  <Stat name="maxSpeedCrawl" value="69"/>
  <Stat name="jumpHeight" value="69"/>
  <Stat name="suitModSlots" value="69"/>
  <Stat name="scopeModSlots" value="69"/>
  <Stat name="inventoryRows" value="69"/>
  <Stat name="inventoryColumns" value="69"/>
  <Stat name="thermalAbsorption" value="69"/>
  <Stat name="electrostaticAbsorption" value="69"/>
  <Stat name="etherAbsorption" value="69"/>
  <Stat name="lowHealthRegenThreshold" value="69"/>
  <Stat name="lowHealthRegenDelay" value="69"/>
  <Stat name="lowHealthRegenRate" value="69"/>
  <Stat name="wellFedHealthRegen" value="69"/>
  <Stat name="healthDrainForPsi" value="69"/>
  <Stat name="regenPowerMaxRegen" value="69"/>
  <Stat name="regenPowerDelay" value="69"/>
  <Stat name="regenPowerRate" value="69"/>
  <Stat name="psiRegenRate" value="69"/>
  <Stat name="freePowerChance" value="69"/>
  <Stat name="repairTimeScale" value="69"/>
  <Stat name="repairDiscount" value="69"/>
  <Stat name="wrenchCriticalHitChance" value="69"/>
  <Stat name="laserCriticalHitChance" value="69"/>
  <Stat name="pistolCriticalHitChance" value="69"/>
  <Stat name="shotgunCriticalHitChance" value="69"/>
  <Stat name="googunCriticalHitChance" value="69"/>
  <Stat name="weaponCriticalHitChance" value="69"/>
  <Stat name="gooGunWalkSpeedMultiplier" value="69"/>
  <Stat name="gooGunCameraSpeedMultiplier" value="69"/>
  <Stat name="laserWalkSpeedMultiplier" value="69"/>
  <Stat name="laserZoomedWalkSpeedMultiplier" value="69"/>
  <Stat name="laserCameraSpeedMultiplier" value="69"/>
  <Stat name="laserZoomedCameraSpeedMultiplier" value="69"/>
  <Stat name="weaponZoomTimeScale" value="69"/>
  <Stat name="weaponRecoilScale" value="69"/>
  <Stat name="weaponDegradationRateScale" value="69"/>
  <Stat name="baseAccuracy" value="69"/>
  <Stat name="dispersionMinimumScale" value="69"/>
  <Stat name="dispersionMaximumScale" value="69"/>
  <Stat name="dispersionAmountRecoilScale" value="69"/>
  <Stat name="dispersionAmountJumpingScale" value="69"/>
  <Stat name="dispersionRateNotMovingScale" value="69"/>
  <Stat name="dispersionRateMovingScale" value="69"/>
  <Stat name="dispersionRateTurningScale" value="69"/>
  <Stat name="dispersionRateNotTurningScale" value="69"/>
  <Stat name="recyclerGrenadeAimRange" value="69"/>
  <Stat name="pharmasDurationScale" value="69"/>
  <Stat name="carryPickupSpeedScale" value="69"/>
  <Stat name="maxOxygen" value="69"/>
  <Stat name="oxygenConsumptionRate" value="69"/>
  <Stat name="suffocationHealthLossRate" value="69"/>
  <Stat name="fearCameraResponsiveness" value="69"/>
  <Stat name="amountToRepair" value="69"/>
  <Stat name="traumaActivationChance" value="69"/>
  <Stat name="researchesPerScan" value="69"/>
  <Stat name="knockdownThreshold" value="69"/>
  <Stat name="combatFocusCriticalBonus" value="69"/>
  <Stat name="combatFocusAccuracyBonus" value="69"/>
  <Stat name="combatFocusCameraSpeedMultiplier" value="69"/>
  <Stat name="flashlightBatteryDrainRate" value="69"/>
  <Stat name="flashlightBatteryCapacity" value="69"/>
  <Stat name="flashlightRechargeRate" value="69"/>
  <Stat name="flashlightVisibilityScalar" value="69"/>
  <Stat name="markedEnemyMarkDuration" value="69"/>
  <Stat name="markedEnemyMimickedMarkDuration" value="-1"/>
  <Stat name="markedEnemyEliteMimicMarkDuration" value="-1"/>
  <Stat name="markedEnemyPoltergeistMarkDuration" value="-1"/>
  <Stat name="markedEnemyMarkRange" value="69"/>
  <Stat name="markedEnemyDamageScale" value="69"/>
  <Stat name="sneakAttackSignalScale" value="69"/>
  <Stat name="sneakAttackHealthRestore" value="69"/>
  <Stat name="sneakAttackPsiRestore" value="69"/>
  <Stat name="WrenchAnimSpeed" value="69"/>
  <Stat name="recyclingYieldScale" value="69"/>
  <Stat name="fatigueMax" value="69"/>
  <Stat name="fatigueDrainDelay" value="69"/>
  <Stat name="fatigueDrainRate" value="69"/>
  <Stat name="fatigueSprintGainRate" value="69"/>
  <Stat name="fatigueGainedFromChargedWrench" value="69"/>
  <Stat name="fatigueGainedFromWrench" value="69"/>
  <Stat name="fatigueGainedFromExhaustedWrench" value="69"/>
  <Stat name="standVisibilityScalar" value="69"/>
  <Stat name="sneakVisibilityScalar" value="69"/>
  <Stat name="crawlVisibilityScalar" value="69"/>
  <Stat name="mimicMinVisibilityScalar" value="69"/>
  <Stat name="mimicMaxVisibilityScalar" value="69"/>
  <Stat name="mimicMinVisibilitySpeed" value="69"/>
  <Stat name="mimicMaxVisibilitySpeed" value="69"/>
  <Stat name="MimickedEnemyDamageScale" value="69"/>
  <Stat name="statuesqueModEnabled" value="69"/>
  <Stat name="lastChanceMod" value="69"/>
  <Stat name="zeroGNormalMaxSpeed" value="69"/>
  <Stat name="zeroGCruiseMaxSpeed" value="69"/>
  <Stat name="zeroGSprintMaxSpeed" value="69"/>
  <Stat name="gooGunZeroGTime" value="69"/>
  <Stat name="bulletZeroGTime" value="69"/>
  <Stat name="bCanScanCoral" value="69"/>
  <Stat name="alienFearOnDeathChance" value="69"/>
  <Stat name="robotLaserAmmoDropScale" value="69"/>
  <Stat name="robotStunAmmoDropScale" value="69"/>
  <Stat name="recyclingPlayerScale" value="69"/>
  <Stat name="kineticShieldReflectDamageChance" value="69"/>
  <Stat name="helmetCracksAmount" value="69"/>
  <Stat name="bCoralRegensPsi" value="69"/>
 </Stats>
 <ArkLiveTranscribeComponent startNextIntervalMin="69" startNextIntervalMax="69" ringTime="69" startRingTrigger="Play_Transcribe_Ring" answerCallTrigger="Play_Transcribe_AnswerClick"/>
 <ArkAudioLogComponent loadTime="69" loadTrigger="Play_Transcribe_AudioLog" loadedTrigger="Play_Transcribe_AnswerClick"/>
</PlayerConfig>