<?xml version="1.0"?>
<EntitySerialization>
    <Entity id="1" />
    <Entity id="2" />
    <Entity id="3" />
    <Entity id="6" />
</EntitySerialization>
